C:\Users\25078\Documents\Dino-product-management\src\main\java\com\dino\dino\DinoApplication.java
C:\Users\25078\Documents\Dino-product-management\src\main\java\com\dino\dino\repository\ProductRepo.java
C:\Users\25078\Documents\Dino-product-management\src\main\java\com\dino\dino\service\Hello.java
C:\Users\25078\Documents\Dino-product-management\src\main\java\com\dino\dino\controller\ApplicationController.java
C:\Users\25078\Documents\Dino-product-management\src\main\java\com\dino\dino\model\Product.java
C:\Users\25078\Documents\Dino-product-management\src\main\java\com\dino\dino\model\CustomerDetails.java
C:\Users\25078\Documents\Dino-product-management\src\main\java\com\dino\dino\service\EmailProvider.java
C:\Users\25078\Documents\Dino-product-management\src\main\java\com\dino\dino\service\ControllerFunction.java
C:\Users\25078\Documents\Dino-product-management\src\main\java\com\dino\dino\model\ShoppingCart.java
C:\Users\25078\Documents\Dino-product-management\src\main\java\com\dino\dino\service\ProductService.java
